[demo.egenslab.com/html/creasoft/preview/index.html]
[demo.egenslab.com/html/creasoft/preview/assets/css/bootstrap.min.css]
[demo.egenslab.com/html/creasoft/preview/assets/css/bootstrap-icons.css]
[demo.egenslab.com/html/creasoft/preview/assets/css/all.min.css]
[demo.egenslab.com/html/creasoft/preview/assets/css/fontawesome.min.css]
[demo.egenslab.com/html/creasoft/preview/assets/css/swiper-bundle.min.css]
[demo.egenslab.com/html/creasoft/preview/assets/css/magnific-popup.css]
[demo.egenslab.com/html/creasoft/preview/assets/css/animate.min.css]
[backblue.gif]
[fade.gif]
[index.html]
[demo.egenslab.com/html/creasoft/preview/assets/css/style.css]
[demo.egenslab.com/html/creasoft/preview/assets/img/logo.svg]
[demo.egenslab.com/html/creasoft/preview/assets/img/logo-dark.svg]
[demo.egenslab.com/html/creasoft/preview/index2.html]
[demo.egenslab.com/html/creasoft/preview/about.html]
[demo.egenslab.com/html/creasoft/preview/service.html]
[demo.egenslab.com/html/creasoft/preview/service-details.html]
[demo.egenslab.com/html/creasoft/preview/project.html]
[demo.egenslab.com/html/creasoft/preview/project-details.html]
[demo.egenslab.com/html/creasoft/preview/blog.html]
[demo.egenslab.com/html/creasoft/preview/blog-standard.html]
[demo.egenslab.com/html/creasoft/preview/blog-details.html]
[demo.egenslab.com/html/creasoft/preview/team.html]
[demo.egenslab.com/html/creasoft/preview/pricing.html]
[demo.egenslab.com/html/creasoft/preview/faq.html]
[demo.egenslab.com/html/creasoft/preview/error.html]
[demo.egenslab.com/html/creasoft/preview/contact.html]
[demo.egenslab.com/html/creasoft/preview/assets/img/hero-banner.jpg]
[demo.egenslab.com/html/creasoft/preview/assets/img/icons/service-icon-1.png]
[demo.egenslab.com/html/creasoft/preview/assets/img/icons/service-icon-2.png]
[demo.egenslab.com/html/creasoft/preview/assets/img/icons/service-icon-3.png]
[demo.egenslab.com/html/creasoft/preview/assets/img/about-baner-1.jpg]
[demo.egenslab.com/html/creasoft/preview/assets/img/about-baner-2.jpg]
[demo.egenslab.com/html/creasoft/preview/assets/img/icons/feature-icon-1.png]
[demo.egenslab.com/html/creasoft/preview/assets/img/icons/feature-icon-2.png]
[demo.egenslab.com/html/creasoft/preview/assets/img/icons/feature-icon-3.png]
[demo.egenslab.com/html/creasoft/preview/assets/img/icons/feature-icon-4.png]
[demo.egenslab.com/html/creasoft/preview/assets/img/project/project-1.jpg]
[demo.egenslab.com/html/creasoft/preview/assets/img/project/project-2.jpg]
[demo.egenslab.com/html/creasoft/preview/assets/img/project/project-3.jpg]
[demo.egenslab.com/html/creasoft/preview/assets/img/project/project-4.jpg]
[demo.egenslab.com/html/creasoft/preview/assets/img/project/project-5.jpg]
[demo.egenslab.com/html/creasoft/preview/assets/img/project/project-6.jpg]
[demo.egenslab.com/html/creasoft/preview/assets/img/partner/partner-1.png]
[demo.egenslab.com/html/creasoft/preview/assets/img/partner/partner-2.png]
[demo.egenslab.com/html/creasoft/preview/assets/img/partner/partner-3.png]
[demo.egenslab.com/html/creasoft/preview/assets/img/partner/partner-4.png]
[demo.egenslab.com/html/creasoft/preview/assets/img/partner/partner-5.png]
[demo.egenslab.com/html/creasoft/preview/assets/img/reivewer.jpg]
[demo.egenslab.com/html/creasoft/preview/assets/img/reivewer-1.jpg]
[demo.egenslab.com/html/creasoft/preview/assets/img/team/team-1.jpg]
[demo.egenslab.com/html/creasoft/preview/assets/img/team/team-2.jpg]
[demo.egenslab.com/html/creasoft/preview/assets/img/team/team-3.jpg]
[demo.egenslab.com/html/creasoft/preview/assets/img/blog/blog-1.jpg]
[demo.egenslab.com/html/creasoft/preview/assets/img/blog/blog-2.jpg]
[demo.egenslab.com/html/creasoft/preview/assets/img/blog/blog-3.jpg]
[demo.egenslab.com/html/creasoft/preview/services.html]
[demo.egenslab.com/cdn-cgi/scripts/5c5dd728/cloudflare-static/email-decode.min.js]
[demo.egenslab.com/html/creasoft/preview/assets/js/jquery-3.6.0.min.js]
[demo.egenslab.com/html/creasoft/preview/assets/js/popper.min.js]
[demo.egenslab.com/html/creasoft/preview/assets/js/bootstrap.min.js]
[demo.egenslab.com/html/creasoft/preview/assets/js/swiper-bundle.min.js]
[demo.egenslab.com/html/creasoft/preview/assets/js/waypoints.min.js]
[demo.egenslab.com/html/creasoft/preview/assets/js/jquery.counterup.min.js]
[demo.egenslab.com/html/creasoft/preview/assets/js/isotope.pkgd.min.js]
[demo.egenslab.com/html/creasoft/preview/assets/js/jquery.magnific-popup.min.js]
[demo.egenslab.com/html/creasoft/preview/assets/js/wow.min.js]
[demo.egenslab.com/html/creasoft/preview/index.html]
[demo.egenslab.com/html/creasoft/preview/assets/css/bootstrap.min.css]
[demo.egenslab.com/html/creasoft/preview/assets/js/custom.js]
[demo.egenslab.com/html/creasoft/preview/assets/webfonts/bootstrap-iconsbe27.woff2]
[demo.egenslab.com/html/creasoft/preview/assets/css/bootstrap-icons.css]
[demo.egenslab.com/html/creasoft/preview/assets/webfonts/bootstrap-iconsbe27.woff]
[demo.egenslab.com/html/creasoft/preview/assets/webfonts/fa-brands-400.eot]
[demo.egenslab.com/html/creasoft/preview/assets/webfonts/fa-brands-400d41d.eot]
[demo.egenslab.com/html/creasoft/preview/assets/webfonts/fa-brands-400.woff2]
[demo.egenslab.com/html/creasoft/preview/assets/webfonts/fa-brands-400.woff]
[demo.egenslab.com/html/creasoft/preview/assets/webfonts/fa-brands-400.ttf]
[demo.egenslab.com/html/creasoft/preview/assets/webfonts/fa-brands-400.svg]
[demo.egenslab.com/html/creasoft/preview/assets/webfonts/fa-regular-400.eot]
[demo.egenslab.com/html/creasoft/preview/assets/webfonts/fa-regular-400d41d.eot]
[demo.egenslab.com/html/creasoft/preview/assets/webfonts/fa-regular-400.woff2]
[demo.egenslab.com/html/creasoft/preview/assets/webfonts/fa-regular-400.woff]
[demo.egenslab.com/html/creasoft/preview/assets/webfonts/fa-regular-400.ttf]
[demo.egenslab.com/html/creasoft/preview/assets/webfonts/fa-regular-400.svg]
[demo.egenslab.com/html/creasoft/preview/assets/webfonts/fa-solid-900.eot]
[demo.egenslab.com/html/creasoft/preview/assets/webfonts/fa-solid-900d41d.eot]
[demo.egenslab.com/html/creasoft/preview/assets/webfonts/fa-solid-900.woff2]
[demo.egenslab.com/html/creasoft/preview/assets/webfonts/fa-solid-900.woff]
[demo.egenslab.com/html/creasoft/preview/assets/webfonts/fa-solid-900.ttf]
[demo.egenslab.com/html/creasoft/preview/assets/css/all.min.css]
[demo.egenslab.com/html/creasoft/preview/assets/css/fontawesome.min.css]
[demo.egenslab.com/html/creasoft/preview/assets/css/swiper-bundle.min.css]
[demo.egenslab.com/html/creasoft/preview/assets/css/magnific-popup.css]
[demo.egenslab.com/html/creasoft/preview/assets/css/animate.min.css]
[demo.egenslab.com/html/creasoft/preview/assets/webfonts/fa-solid-900.svg]
[demo.egenslab.com/html/creasoft/preview/assets/img/breadcrumb-bg.jpg]
[demo.egenslab.com/html/creasoft/preview/assets/img/bg.png]
[demo.egenslab.com/html/creasoft/preview/assets/img/feature-bg.png]
[demo.egenslab.com/html/creasoft/preview/assets/img/subscribe-bg.png]
[demo.egenslab.com/html/creasoft/preview/assets/img/footer-bg.png]
[demo.egenslab.com/html/creasoft/preview/assets/img/black-concrete-textured.png]
[demo.egenslab.com/html/creasoft/preview/assets/img/error-bg.png]
[demo.egenslab.com/html/creasoft/preview/assets/img/widget-content-bg.png]
[demo.egenslab.com/html/creasoft/preview/assets/css/style.css]
[demo.egenslab.com/html/creasoft/preview/assets/img/logo.svg]
[demo.egenslab.com/html/creasoft/preview/assets/img/logo-dark.svg]
[demo.egenslab.com/html/creasoft/preview/assets/img/hero-vector.png]
[demo.egenslab.com/html/creasoft/preview/assets/js/particles.min.js]
[demo.egenslab.com/html/creasoft/preview/index2.html]
[demo.egenslab.com/html/creasoft/preview/assets/js/app.js]
[demo.egenslab.com/html/creasoft/preview/assets/img/breadcrumb-video.jpg]
[demo.egenslab.com/html/creasoft/preview/assets/img/why-1.jpg]
[demo.egenslab.com/html/creasoft/preview/assets/img/why-2.jpg]
[demo.egenslab.com/html/creasoft/preview/assets/img/why-3.jpg]
[demo.egenslab.com/html/creasoft/preview/assets/img/timeline-1.jpg]
[demo.egenslab.com/html/creasoft/preview/assets/img/timeline-2.jpg]
[demo.egenslab.com/html/creasoft/preview/assets/img/timeline-3.jpg]
[demo.egenslab.com/html/creasoft/preview/assets/img/timeline-4.jpg]
[demo.egenslab.com/html/creasoft/preview/about.html]
[demo.egenslab.com/html/creasoft/preview/assets/img/icons/service-icon-4.png]
[demo.egenslab.com/html/creasoft/preview/assets/img/icons/service-icon-5.png]
[demo.egenslab.com/html/creasoft/preview/assets/img/icons/service-icon-6.png]
[demo.egenslab.com/html/creasoft/preview/service.html]
[demo.egenslab.com/html/creasoft/preview/assets/img/blog/blog-thumnail.jpg]
[demo.egenslab.com/html/creasoft/preview/assets/img/icons/service-details-icon.png]
[demo.egenslab.com/html/creasoft/preview/assets/img/widget-banner-bg.jpg]
[demo.egenslab.com/html/creasoft/preview/assets/img/arrow-angle.png]
[demo.egenslab.com/html/creasoft/preview/assets/img/blog/thumb-1.jpg]
[demo.egenslab.com/html/creasoft/preview/assets/img/blog/thumb-2.jpg]
[demo.egenslab.com/html/creasoft/preview/assets/img/blog/thumb-3.jpg]
[demo.egenslab.com/html/creasoft/preview/service-details.html]
[demo.egenslab.com/html/creasoft/preview/assets/img/project/project-7.jpg]
[demo.egenslab.com/html/creasoft/preview/assets/img/project/project-8.jpg]
[demo.egenslab.com/html/creasoft/preview/assets/img/project/project-9.jpg]
[demo.egenslab.com/html/creasoft/preview/assets/img/project/project-10.jpg]
[demo.egenslab.com/html/creasoft/preview/assets/img/project/project-11.jpg]
[demo.egenslab.com/html/creasoft/preview/assets/img/project/project-12.jpg]
[demo.egenslab.com/html/creasoft/preview/project.html]
[demo.egenslab.com/html/creasoft/preview/assets/img/project/thumbnail-project.jpg]
[demo.egenslab.com/html/creasoft/preview/assets/img/project/work-thumb-slide.jpg]
[demo.egenslab.com/html/creasoft/preview/assets/img/project/work-thumb-slide-1.jpg]
[demo.egenslab.com/html/creasoft/preview/project-details.html]
[demo.egenslab.com/html/creasoft/preview/assets/img/icons/check.svg]
[demo.egenslab.com/html/creasoft/preview/assets/img/blog/blog-tiny-1.jpg]
[demo.egenslab.com/html/creasoft/preview/assets/img/blog/blog-tiny-2.jpg]
[demo.egenslab.com/html/creasoft/preview/assets/img/blog/blog-tiny-3.jpg]
[demo.egenslab.com/html/creasoft/preview/assets/img/blog/blog-4.jpg]
[demo.egenslab.com/html/creasoft/preview/assets/img/blog/blog-5.jpg]
[demo.egenslab.com/html/creasoft/preview/assets/img/blog/blog-6.png]
[demo.egenslab.com/html/creasoft/preview/assets/img/blog/blog-7.jpg]
[demo.egenslab.com/html/creasoft/preview/assets/img/blog/blog-8.jpg]
[demo.egenslab.com/html/creasoft/preview/assets/img/blog/blog-9.jpg]
[demo.egenslab.com/html/creasoft/preview/assets/img/blog/blog-10.jpg]
[demo.egenslab.com/html/creasoft/preview/blog.html]
[demo.egenslab.com/html/creasoft/preview/assets/img/blog/blog-standard-1.jpg]
[demo.egenslab.com/html/creasoft/preview/assets/img/blog/blog-standard-2.jpg]
[demo.egenslab.com/html/creasoft/preview/assets/img/blog/blog-standard-3.jpg]
[demo.egenslab.com/html/creasoft/preview/blog-standard.html]
[demo.egenslab.com/html/creasoft/preview/assets/img/blog/blog-thumb.jpg]
[demo.egenslab.com/html/creasoft/preview/assets/img/blog/blog-gallery-1.jpg]
[demo.egenslab.com/html/creasoft/preview/assets/img/blog/blog-gallery-2.jpg]
[demo.egenslab.com/html/creasoft/preview/assets/img/author-1.jpg]
[demo.egenslab.com/html/creasoft/preview/assets/img/author-2.jpg]
[demo.egenslab.com/html/creasoft/preview/blog-details.html]
[demo.egenslab.com/html/creasoft/preview/team.html]
[demo.egenslab.com/html/creasoft/preview/pricing.html]
[demo.egenslab.com/html/creasoft/preview/faq.html]
[demo.egenslab.com/html/creasoft/preview/assets/img/404.png]
[demo.egenslab.com/html/creasoft/preview/error.html]
[demo.egenslab.com/html/creasoft/preview/assets/img/call-center.png]
[demo.egenslab.com/html/creasoft/preview/contact.html]
[demo.egenslab.com/html/creasoft/preview/services.html]
[demo.egenslab.com/html/creasoft/preview/assets/webfonts/fa-brands-400.svg]
[demo.egenslab.com/html/creasoft/preview/assets/webfonts/fa-regular-400.svg]
[demo.egenslab.com/html/creasoft/preview/assets/webfonts/fa-solid-900.svg]
[demo.egenslab.com/html/creasoft/preview/assets/img/icons/check.svg]
